Archive member included because of file (symbol)

c:/program files (x86)/atmel/atmel toolchain/avr8 gcc/native/3.4.2.1002/avr8-gnu-toolchain/bin/../lib/gcc/avr/4.7.2/avr5\libgcc.a(_divmodhi4.o)
                              main.o (__divmodhi4)
c:/program files (x86)/atmel/atmel toolchain/avr8 gcc/native/3.4.2.1002/avr8-gnu-toolchain/bin/../lib/gcc/avr/4.7.2/avr5\libgcc.a(_exit.o)
                              c:/program files (x86)/atmel/atmel toolchain/avr8 gcc/native/3.4.2.1002/avr8-gnu-toolchain/bin/../lib/gcc/avr/4.7.2/../../../../avr/lib/avr5/crtm32.o (exit)
c:/program files (x86)/atmel/atmel toolchain/avr8 gcc/native/3.4.2.1002/avr8-gnu-toolchain/bin/../lib/gcc/avr/4.7.2/avr5\libgcc.a(_copy_data.o)
                              main.o (__do_copy_data)
c:/program files (x86)/atmel/atmel toolchain/avr8 gcc/native/3.4.2.1002/avr8-gnu-toolchain/bin/../lib/gcc/avr/4.7.2/avr5\libgcc.a(_clear_bss.o)
                              main.o (__do_clear_bss)
c:/program files (x86)/atmel/atmel toolchain/avr8 gcc/native/3.4.2.1002/avr8-gnu-toolchain/bin/../lib/gcc/avr/4.7.2/avr5\libgcc.a(_udivmodhi4.o)
                              c:/program files (x86)/atmel/atmel toolchain/avr8 gcc/native/3.4.2.1002/avr8-gnu-toolchain/bin/../lib/gcc/avr/4.7.2/avr5\libgcc.a(_divmodhi4.o) (__udivmodhi4)

Discarded input sections

 .bss           0x00000000        0x0 c:/program files (x86)/atmel/atmel toolchain/avr8 gcc/native/3.4.2.1002/avr8-gnu-toolchain/bin/../lib/gcc/avr/4.7.2/../../../../avr/lib/avr5/crtm32.o
 .text          0x00000000        0x0 dcMotor.o
 .bss           0x00000000        0x0 dcMotor.o
 .text.MotorDC_Init
                0x00000000       0xa6 dcMotor.o
 .text.MotorDC_Dir
                0x00000000       0xaa dcMotor.o
 .text.MotorDC_Speed_PollingWithT0
                0x00000000        0xc dcMotor.o
 .text.MotorDC_Speed_HwPWM
                0x00000000        0xe dcMotor.o
 .text          0x00000000        0x0 HwPWM.o
 .bss           0x00000000        0x0 HwPWM.o
 .text.HwPWMInit
                0x00000000        0x2 HwPWM.o
 .text.HwPWMSetDuty
                0x00000000        0x2 HwPWM.o
 .text          0x00000000        0x0 LED.o
 .bss           0x00000000        0x0 LED.o
 .text.Led_On   0x00000000       0x40 LED.o
 .text.Led_Toggle
                0x00000000       0x38 LED.o
 .text          0x00000000        0x0 gpio.o
 .bss           0x00000000        0x0 gpio.o
 .text.gpioPortDirection
                0x00000000       0x20 gpio.o
 .text.gpioPortWrite
                0x00000000       0x20 gpio.o
 .text.gpioPortToggle
                0x00000000       0x30 gpio.o
 .text.gpioPortRead
                0x00000000       0x24 gpio.o
 .text.gpioPinToggle
                0x00000000       0x30 gpio.o
 .text.gpioPinRead
                0x00000000       0x44 gpio.o
 .text          0x00000000        0x0 main.o
 .bss           0x00000000        0x0 main.o
 .text.seg_counter_fun
                0x00000000       0x68 main.o
 .text.Button_press_fun
                0x00000000       0x66 main.o
 .text.Traffic_light_fun
                0x00000000       0x8e main.o
 .text.MOTOR    0x00000000       0x94 main.o
 .text.Car_Avoiding_Obstacles
                0x00000000       0xec main.o
 .text.Test_1   0x00000000        0xa main.o
 .data.spwm_pin_2
                0x00000000        0x1 main.o
 .data.spwm_pin_1
                0x00000000        0x1 main.o
 .bss.spwm_duty_cycle
                0x00000000        0x4 main.o
 .text          0x00000000        0x0 pushButton.o
 .bss           0x00000000        0x0 pushButton.o
 .text.pushButtonInit
                0x00000000       0x40 pushButton.o
 .text.pushButtonGetStatus
                0x00000000       0x4e pushButton.o
 .text          0x00000000        0x0 sevenSeg.o
 .bss           0x00000000        0x0 sevenSeg.o
 .text.sevenSegInit
                0x00000000       0x50 sevenSeg.o
 .text.sevenSegEnable
                0x00000000       0x22 sevenSeg.o
 .text.sevenSegDisable
                0x00000000       0x22 sevenSeg.o
 .text.sevenSegWrite
                0x00000000       0x2a sevenSeg.o
 .text          0x00000000        0x0 softwareDelay.o
 .bss           0x00000000        0x0 softwareDelay.o
 .text.softwareDelayus
                0x00000000       0x72 softwareDelay.o
 .text          0x00000000        0x0 SwICU.o
 .bss           0x00000000        0x0 SwICU.o
 .text.SwICU_Read
                0x00000000        0x8 SwICU.o
 .text.SwICU_Stop
                0x00000000        0x8 SwICU.o
 .text          0x00000000        0x0 timers.o
 .bss           0x00000000        0x0 timers.o
 .text.timer0Init
                0x00000000       0x2e timers.o
 .text.timer0Set
                0x00000000        0x4 timers.o
 .text.timer0Read
                0x00000000        0x4 timers.o
 .text.timer0Start
                0x00000000        0xc timers.o
 .text.timer0Stop
                0x00000000        0x4 timers.o
 .text.timer0DelayMs
                0x00000000       0xac timers.o
 .text.timer0DelayUs
                0x00000000        0x2 timers.o
 .text.timer0SwPWM
                0x00000000       0x20 timers.o
 .text.timer1Init
                0x00000000       0x56 timers.o
 .text.timer1Set
                0x00000000        0x6 timers.o
 .text.timer1Read
                0x00000000        0xa timers.o
 .text.timer1Start
                0x00000000       0x10 timers.o
 .text.timer1Stop
                0x00000000        0x4 timers.o
 .text.timer1DelayMs
                0x00000000       0xb6 timers.o
 .text.timer1DelayUs
                0x00000000        0x2 timers.o
 .text.timer1SwPWM
                0x00000000        0x2 timers.o
 .text.timer1HwPWM
                0x00000000        0x2 timers.o
 .text.timer2Set
                0x00000000        0x4 timers.o
 .text.timer2Read
                0x00000000        0x4 timers.o
 .text.timer2DelayMs
                0x00000000       0xb2 timers.o
 .text.timer2DelayUs
                0x00000000        0x2 timers.o
 .text.timer2SwPWM
                0x00000000        0x2 timers.o
 .data.TIMER0_PRESCALER
                0x00000000        0x1 timers.o
 .bss.TIMER0_MODE
                0x00000000        0x1 timers.o
 .data.TIMER1_PRESCALER
                0x00000000        0x1 timers.o
 .bss.TIMER1_MODE
                0x00000000        0x2 timers.o
 .text          0x00000000        0x0 c:/program files (x86)/atmel/atmel toolchain/avr8 gcc/native/3.4.2.1002/avr8-gnu-toolchain/bin/../lib/gcc/avr/4.7.2/avr5\libgcc.a(_divmodhi4.o)
 .bss           0x00000000        0x0 c:/program files (x86)/atmel/atmel toolchain/avr8 gcc/native/3.4.2.1002/avr8-gnu-toolchain/bin/../lib/gcc/avr/4.7.2/avr5\libgcc.a(_divmodhi4.o)
 .text.libgcc.mul
                0x00000000        0x0 c:/program files (x86)/atmel/atmel toolchain/avr8 gcc/native/3.4.2.1002/avr8-gnu-toolchain/bin/../lib/gcc/avr/4.7.2/avr5\libgcc.a(_divmodhi4.o)
 .text.libgcc   0x00000000        0x0 c:/program files (x86)/atmel/atmel toolchain/avr8 gcc/native/3.4.2.1002/avr8-gnu-toolchain/bin/../lib/gcc/avr/4.7.2/avr5\libgcc.a(_divmodhi4.o)
 .text.libgcc.prologue
                0x00000000        0x0 c:/program files (x86)/atmel/atmel toolchain/avr8 gcc/native/3.4.2.1002/avr8-gnu-toolchain/bin/../lib/gcc/avr/4.7.2/avr5\libgcc.a(_divmodhi4.o)
 .text.libgcc.builtins
                0x00000000        0x0 c:/program files (x86)/atmel/atmel toolchain/avr8 gcc/native/3.4.2.1002/avr8-gnu-toolchain/bin/../lib/gcc/avr/4.7.2/avr5\libgcc.a(_divmodhi4.o)
 .text.libgcc.fmul
                0x00000000        0x0 c:/program files (x86)/atmel/atmel toolchain/avr8 gcc/native/3.4.2.1002/avr8-gnu-toolchain/bin/../lib/gcc/avr/4.7.2/avr5\libgcc.a(_divmodhi4.o)
 .text          0x00000000        0x0 c:/program files (x86)/atmel/atmel toolchain/avr8 gcc/native/3.4.2.1002/avr8-gnu-toolchain/bin/../lib/gcc/avr/4.7.2/avr5\libgcc.a(_exit.o)
 .bss           0x00000000        0x0 c:/program files (x86)/atmel/atmel toolchain/avr8 gcc/native/3.4.2.1002/avr8-gnu-toolchain/bin/../lib/gcc/avr/4.7.2/avr5\libgcc.a(_exit.o)
 .text.libgcc.mul
                0x00000000        0x0 c:/program files (x86)/atmel/atmel toolchain/avr8 gcc/native/3.4.2.1002/avr8-gnu-toolchain/bin/../lib/gcc/avr/4.7.2/avr5\libgcc.a(_exit.o)
 .text.libgcc.div
                0x00000000        0x0 c:/program files (x86)/atmel/atmel toolchain/avr8 gcc/native/3.4.2.1002/avr8-gnu-toolchain/bin/../lib/gcc/avr/4.7.2/avr5\libgcc.a(_exit.o)
 .text.libgcc   0x00000000        0x0 c:/program files (x86)/atmel/atmel toolchain/avr8 gcc/native/3.4.2.1002/avr8-gnu-toolchain/bin/../lib/gcc/avr/4.7.2/avr5\libgcc.a(_exit.o)
 .text.libgcc.prologue
                0x00000000        0x0 c:/program files (x86)/atmel/atmel toolchain/avr8 gcc/native/3.4.2.1002/avr8-gnu-toolchain/bin/../lib/gcc/avr/4.7.2/avr5\libgcc.a(_exit.o)
 .text.libgcc.builtins
                0x00000000        0x0 c:/program files (x86)/atmel/atmel toolchain/avr8 gcc/native/3.4.2.1002/avr8-gnu-toolchain/bin/../lib/gcc/avr/4.7.2/avr5\libgcc.a(_exit.o)
 .text.libgcc.fmul
                0x00000000        0x0 c:/program files (x86)/atmel/atmel toolchain/avr8 gcc/native/3.4.2.1002/avr8-gnu-toolchain/bin/../lib/gcc/avr/4.7.2/avr5\libgcc.a(_exit.o)
 .text          0x00000000        0x0 c:/program files (x86)/atmel/atmel toolchain/avr8 gcc/native/3.4.2.1002/avr8-gnu-toolchain/bin/../lib/gcc/avr/4.7.2/avr5\libgcc.a(_copy_data.o)
 .bss           0x00000000        0x0 c:/program files (x86)/atmel/atmel toolchain/avr8 gcc/native/3.4.2.1002/avr8-gnu-toolchain/bin/../lib/gcc/avr/4.7.2/avr5\libgcc.a(_copy_data.o)
 .text.libgcc.mul
                0x00000000        0x0 c:/program files (x86)/atmel/atmel toolchain/avr8 gcc/native/3.4.2.1002/avr8-gnu-toolchain/bin/../lib/gcc/avr/4.7.2/avr5\libgcc.a(_copy_data.o)
 .text.libgcc.div
                0x00000000        0x0 c:/program files (x86)/atmel/atmel toolchain/avr8 gcc/native/3.4.2.1002/avr8-gnu-toolchain/bin/../lib/gcc/avr/4.7.2/avr5\libgcc.a(_copy_data.o)
 .text.libgcc   0x00000000        0x0 c:/program files (x86)/atmel/atmel toolchain/avr8 gcc/native/3.4.2.1002/avr8-gnu-toolchain/bin/../lib/gcc/avr/4.7.2/avr5\libgcc.a(_copy_data.o)
 .text.libgcc.prologue
                0x00000000        0x0 c:/program files (x86)/atmel/atmel toolchain/avr8 gcc/native/3.4.2.1002/avr8-gnu-toolchain/bin/../lib/gcc/avr/4.7.2/avr5\libgcc.a(_copy_data.o)
 .text.libgcc.builtins
                0x00000000        0x0 c:/program files (x86)/atmel/atmel toolchain/avr8 gcc/native/3.4.2.1002/avr8-gnu-toolchain/bin/../lib/gcc/avr/4.7.2/avr5\libgcc.a(_copy_data.o)
 .text.libgcc.fmul
                0x00000000        0x0 c:/program files (x86)/atmel/atmel toolchain/avr8 gcc/native/3.4.2.1002/avr8-gnu-toolchain/bin/../lib/gcc/avr/4.7.2/avr5\libgcc.a(_copy_data.o)
 .text          0x00000000        0x0 c:/program files (x86)/atmel/atmel toolchain/avr8 gcc/native/3.4.2.1002/avr8-gnu-toolchain/bin/../lib/gcc/avr/4.7.2/avr5\libgcc.a(_clear_bss.o)
 .bss           0x00000000        0x0 c:/program files (x86)/atmel/atmel toolchain/avr8 gcc/native/3.4.2.1002/avr8-gnu-toolchain/bin/../lib/gcc/avr/4.7.2/avr5\libgcc.a(_clear_bss.o)
 .text.libgcc.mul
                0x00000000        0x0 c:/program files (x86)/atmel/atmel toolchain/avr8 gcc/native/3.4.2.1002/avr8-gnu-toolchain/bin/../lib/gcc/avr/4.7.2/avr5\libgcc.a(_clear_bss.o)
 .text.libgcc.div
                0x00000000        0x0 c:/program files (x86)/atmel/atmel toolchain/avr8 gcc/native/3.4.2.1002/avr8-gnu-toolchain/bin/../lib/gcc/avr/4.7.2/avr5\libgcc.a(_clear_bss.o)
 .text.libgcc   0x00000000        0x0 c:/program files (x86)/atmel/atmel toolchain/avr8 gcc/native/3.4.2.1002/avr8-gnu-toolchain/bin/../lib/gcc/avr/4.7.2/avr5\libgcc.a(_clear_bss.o)
 .text.libgcc.prologue
                0x00000000        0x0 c:/program files (x86)/atmel/atmel toolchain/avr8 gcc/native/3.4.2.1002/avr8-gnu-toolchain/bin/../lib/gcc/avr/4.7.2/avr5\libgcc.a(_clear_bss.o)
 .text.libgcc.builtins
                0x00000000        0x0 c:/program files (x86)/atmel/atmel toolchain/avr8 gcc/native/3.4.2.1002/avr8-gnu-toolchain/bin/../lib/gcc/avr/4.7.2/avr5\libgcc.a(_clear_bss.o)
 .text.libgcc.fmul
                0x00000000        0x0 c:/program files (x86)/atmel/atmel toolchain/avr8 gcc/native/3.4.2.1002/avr8-gnu-toolchain/bin/../lib/gcc/avr/4.7.2/avr5\libgcc.a(_clear_bss.o)
 .text          0x00000000        0x0 c:/program files (x86)/atmel/atmel toolchain/avr8 gcc/native/3.4.2.1002/avr8-gnu-toolchain/bin/../lib/gcc/avr/4.7.2/avr5\libgcc.a(_udivmodhi4.o)
 .bss           0x00000000        0x0 c:/program files (x86)/atmel/atmel toolchain/avr8 gcc/native/3.4.2.1002/avr8-gnu-toolchain/bin/../lib/gcc/avr/4.7.2/avr5\libgcc.a(_udivmodhi4.o)
 .text.libgcc.mul
                0x00000000        0x0 c:/program files (x86)/atmel/atmel toolchain/avr8 gcc/native/3.4.2.1002/avr8-gnu-toolchain/bin/../lib/gcc/avr/4.7.2/avr5\libgcc.a(_udivmodhi4.o)
 .text.libgcc   0x00000000        0x0 c:/program files (x86)/atmel/atmel toolchain/avr8 gcc/native/3.4.2.1002/avr8-gnu-toolchain/bin/../lib/gcc/avr/4.7.2/avr5\libgcc.a(_udivmodhi4.o)
 .text.libgcc.prologue
                0x00000000        0x0 c:/program files (x86)/atmel/atmel toolchain/avr8 gcc/native/3.4.2.1002/avr8-gnu-toolchain/bin/../lib/gcc/avr/4.7.2/avr5\libgcc.a(_udivmodhi4.o)
 .text.libgcc.builtins
                0x00000000        0x0 c:/program files (x86)/atmel/atmel toolchain/avr8 gcc/native/3.4.2.1002/avr8-gnu-toolchain/bin/../lib/gcc/avr/4.7.2/avr5\libgcc.a(_udivmodhi4.o)
 .text.libgcc.fmul
                0x00000000        0x0 c:/program files (x86)/atmel/atmel toolchain/avr8 gcc/native/3.4.2.1002/avr8-gnu-toolchain/bin/../lib/gcc/avr/4.7.2/avr5\libgcc.a(_udivmodhi4.o)

Memory Configuration

Name             Origin             Length             Attributes
text             0x00000000         0x00020000         xr
data             0x00800060         0x0000ffa0         rw !x
eeprom           0x00810000         0x00010000         rw !x
fuse             0x00820000         0x00000400         rw !x
lock             0x00830000         0x00000400         rw !x
signature        0x00840000         0x00000400         rw !x
user_signatures  0x00850000         0x00000400         rw !x
*default*        0x00000000         0xffffffff

Linker script and memory map

LOAD c:/program files (x86)/atmel/atmel toolchain/avr8 gcc/native/3.4.2.1002/avr8-gnu-toolchain/bin/../lib/gcc/avr/4.7.2/../../../../avr/lib/avr5/crtm32.o
LOAD dcMotor.o
LOAD HwPWM.o
LOAD LED.o
LOAD gpio.o
LOAD main.o
LOAD pushButton.o
LOAD sevenSeg.o
LOAD softwareDelay.o
LOAD SwICU.o
LOAD timers.o
START GROUP
LOAD c:/program files (x86)/atmel/atmel toolchain/avr8 gcc/native/3.4.2.1002/avr8-gnu-toolchain/bin/../lib/gcc/avr/4.7.2/../../../../avr/lib/avr5\libm.a
END GROUP
LOAD c:/program files (x86)/atmel/atmel toolchain/avr8 gcc/native/3.4.2.1002/avr8-gnu-toolchain/bin/../lib/gcc/avr/4.7.2/avr5\libgcc.a
LOAD c:/program files (x86)/atmel/atmel toolchain/avr8 gcc/native/3.4.2.1002/avr8-gnu-toolchain/bin/../lib/gcc/avr/4.7.2/../../../../avr/lib/avr5\libc.a
LOAD c:/program files (x86)/atmel/atmel toolchain/avr8 gcc/native/3.4.2.1002/avr8-gnu-toolchain/bin/../lib/gcc/avr/4.7.2/avr5\libgcc.a

.hash
 *(.hash)

.dynsym
 *(.dynsym)

.dynstr
 *(.dynstr)

.gnu.version
 *(.gnu.version)

.gnu.version_d
 *(.gnu.version_d)

.gnu.version_r
 *(.gnu.version_r)

.rel.init
 *(.rel.init)

.rela.init
 *(.rela.init)

.rel.text
 *(.rel.text)
 *(.rel.text.*)
 *(.rel.gnu.linkonce.t*)

.rela.text
 *(.rela.text)
 *(.rela.text.*)
 *(.rela.gnu.linkonce.t*)

.rel.fini
 *(.rel.fini)

.rela.fini
 *(.rela.fini)

.rel.rodata
 *(.rel.rodata)
 *(.rel.rodata.*)
 *(.rel.gnu.linkonce.r*)

.rela.rodata
 *(.rela.rodata)
 *(.rela.rodata.*)
 *(.rela.gnu.linkonce.r*)

.rel.data
 *(.rel.data)
 *(.rel.data.*)
 *(.rel.gnu.linkonce.d*)

.rela.data
 *(.rela.data)
 *(.rela.data.*)
 *(.rela.gnu.linkonce.d*)

.rel.ctors
 *(.rel.ctors)

.rela.ctors
 *(.rela.ctors)

.rel.dtors
 *(.rel.dtors)

.rela.dtors
 *(.rela.dtors)

.rel.got
 *(.rel.got)

.rela.got
 *(.rela.got)

.rel.bss
 *(.rel.bss)

.rela.bss
 *(.rela.bss)

.rel.plt
 *(.rel.plt)

.rela.plt
 *(.rela.plt)

.text           0x00000000      0x4f6
 *(.vectors)
 .vectors       0x00000000       0x54 c:/program files (x86)/atmel/atmel toolchain/avr8 gcc/native/3.4.2.1002/avr8-gnu-toolchain/bin/../lib/gcc/avr/4.7.2/../../../../avr/lib/avr5/crtm32.o
                0x00000000                __vector_default
                0x00000000                __vectors
 *(.vectors)
 *(.progmem.gcc*)
 *(.progmem*)
                0x00000054                . = ALIGN (0x2)
                0x00000054                __trampolines_start = .
 *(.trampolines)
 .trampolines   0x00000054        0x0 linker stubs
 *(.trampolines*)
                0x00000054                __trampolines_end = .
 *(.jumptables)
 *(.jumptables*)
 *(.lowtext)
 *(.lowtext*)
                0x00000054                __ctors_start = .
 *(.ctors)
                0x00000054                __ctors_end = .
                0x00000054                __dtors_start = .
 *(.dtors)
                0x00000054                __dtors_end = .
 SORT(*)(.ctors)
 SORT(*)(.dtors)
 *(.init0)
 .init0         0x00000054        0x0 c:/program files (x86)/atmel/atmel toolchain/avr8 gcc/native/3.4.2.1002/avr8-gnu-toolchain/bin/../lib/gcc/avr/4.7.2/../../../../avr/lib/avr5/crtm32.o
                0x00000054                __init
 *(.init0)
 *(.init1)
 *(.init1)
 *(.init2)
 .init2         0x00000054        0xc c:/program files (x86)/atmel/atmel toolchain/avr8 gcc/native/3.4.2.1002/avr8-gnu-toolchain/bin/../lib/gcc/avr/4.7.2/../../../../avr/lib/avr5/crtm32.o
 *(.init2)
 *(.init3)
 *(.init3)
 *(.init4)
 .init4         0x00000060       0x16 c:/program files (x86)/atmel/atmel toolchain/avr8 gcc/native/3.4.2.1002/avr8-gnu-toolchain/bin/../lib/gcc/avr/4.7.2/avr5\libgcc.a(_copy_data.o)
                0x00000060                __do_copy_data
 .init4         0x00000076       0x10 c:/program files (x86)/atmel/atmel toolchain/avr8 gcc/native/3.4.2.1002/avr8-gnu-toolchain/bin/../lib/gcc/avr/4.7.2/avr5\libgcc.a(_clear_bss.o)
                0x00000076                __do_clear_bss
 *(.init4)
 *(.init5)
 *(.init5)
 *(.init6)
 *(.init6)
 *(.init7)
 *(.init7)
 *(.init8)
 *(.init8)
 *(.init9)
 .init9         0x00000086        0x8 c:/program files (x86)/atmel/atmel toolchain/avr8 gcc/native/3.4.2.1002/avr8-gnu-toolchain/bin/../lib/gcc/avr/4.7.2/../../../../avr/lib/avr5/crtm32.o
 *(.init9)
 *(.text)
 .text          0x0000008e        0x4 c:/program files (x86)/atmel/atmel toolchain/avr8 gcc/native/3.4.2.1002/avr8-gnu-toolchain/bin/../lib/gcc/avr/4.7.2/../../../../avr/lib/avr5/crtm32.o
                0x0000008e                __vector_1
                0x0000008e                __vector_12
                0x0000008e                __bad_interrupt
                0x0000008e                __vector_6
                0x0000008e                __vector_11
                0x0000008e                __vector_13
                0x0000008e                __vector_17
                0x0000008e                __vector_19
                0x0000008e                __vector_7
                0x0000008e                __vector_5
                0x0000008e                __vector_4
                0x0000008e                __vector_9
                0x0000008e                __vector_2
                0x0000008e                __vector_15
                0x0000008e                __vector_8
                0x0000008e                __vector_14
                0x0000008e                __vector_10
                0x0000008e                __vector_16
                0x0000008e                __vector_18
                0x0000008e                __vector_20
                0x00000092                . = ALIGN (0x2)
 *(.text.*)
 .text.Led_Init
                0x00000092       0x68 LED.o
                0x00000092                Led_Init
 .text.Led_Off  0x000000fa       0x40 LED.o
                0x000000fa                Led_Off
 .text.gpioPinDirection
                0x0000013a       0x60 gpio.o
                0x0000013a                gpioPinDirection
 .text.gpioPinWrite
                0x0000019a       0x60 gpio.o
                0x0000019a                gpioPinWrite
 .text.Ultrasonic
                0x000001fa       0xb0 main.o
                0x000001fa                Ultrasonic
 .text.main     0x000002aa        0x4 main.o
                0x000002aa                main
 .text.__vector_3
                0x000002ae       0xb0 main.o
                0x000002ae                __vector_3
 .text.softwareDelayMs
                0x0000035e       0xa8 softwareDelay.o
                0x0000035e                softwareDelayMs
 .text.SwICU_SetCfgEdge
                0x00000406       0x18 SwICU.o
                0x00000406                SwICU_SetCfgEdge
 .text.SwICU_Init
                0x0000041e       0x30 SwICU.o
                0x0000041e                SwICU_Init
 .text.SwICU_Start
                0x0000044e       0x12 SwICU.o
                0x0000044e                SwICU_Start
 .text.timer2Init
                0x00000460       0x2e timers.o
                0x00000460                timer2Init
 .text.timer2Start
                0x0000048e        0xc timers.o
                0x0000048e                timer2Start
 .text.timer2Stop
                0x0000049a        0x8 timers.o
                0x0000049a                timer2Stop
 .text.libgcc.div
                0x000004a2       0x28 c:/program files (x86)/atmel/atmel toolchain/avr8 gcc/native/3.4.2.1002/avr8-gnu-toolchain/bin/../lib/gcc/avr/4.7.2/avr5\libgcc.a(_divmodhi4.o)
                0x000004a2                _div
                0x000004a2                __divmodhi4
 .text.libgcc.div
                0x000004ca       0x28 c:/program files (x86)/atmel/atmel toolchain/avr8 gcc/native/3.4.2.1002/avr8-gnu-toolchain/bin/../lib/gcc/avr/4.7.2/avr5\libgcc.a(_udivmodhi4.o)
                0x000004ca                __udivmodhi4
                0x000004f2                . = ALIGN (0x2)
 *(.fini9)
 .fini9         0x000004f2        0x0 c:/program files (x86)/atmel/atmel toolchain/avr8 gcc/native/3.4.2.1002/avr8-gnu-toolchain/bin/../lib/gcc/avr/4.7.2/avr5\libgcc.a(_exit.o)
                0x000004f2                _exit
                0x000004f2                exit
 *(.fini9)
 *(.fini8)
 *(.fini8)
 *(.fini7)
 *(.fini7)
 *(.fini6)
 *(.fini6)
 *(.fini5)
 *(.fini5)
 *(.fini4)
 *(.fini4)
 *(.fini3)
 *(.fini3)
 *(.fini2)
 *(.fini2)
 *(.fini1)
 *(.fini1)
 *(.fini0)
 .fini0         0x000004f2        0x4 c:/program files (x86)/atmel/atmel toolchain/avr8 gcc/native/3.4.2.1002/avr8-gnu-toolchain/bin/../lib/gcc/avr/4.7.2/avr5\libgcc.a(_exit.o)
 *(.fini0)
                0x000004f6                _etext = .

.data           0x00800060        0x4 load address 0x000004f6
                0x00800060                PROVIDE (__data_start, .)
 *(.data)
 .data          0x00800060        0x0 c:/program files (x86)/atmel/atmel toolchain/avr8 gcc/native/3.4.2.1002/avr8-gnu-toolchain/bin/../lib/gcc/avr/4.7.2/../../../../avr/lib/avr5/crtm32.o
 .data          0x00800060        0x0 dcMotor.o
 .data          0x00800060        0x0 HwPWM.o
 .data          0x00800060        0x0 LED.o
 .data          0x00800060        0x0 gpio.o
 .data          0x00800060        0x0 main.o
 .data          0x00800060        0x0 pushButton.o
 .data          0x00800060        0x0 sevenSeg.o
 .data          0x00800060        0x0 softwareDelay.o
 .data          0x00800060        0x0 SwICU.o
 .data          0x00800060        0x0 timers.o
 .data          0x00800060        0x0 c:/program files (x86)/atmel/atmel toolchain/avr8 gcc/native/3.4.2.1002/avr8-gnu-toolchain/bin/../lib/gcc/avr/4.7.2/avr5\libgcc.a(_divmodhi4.o)
 .data          0x00800060        0x0 c:/program files (x86)/atmel/atmel toolchain/avr8 gcc/native/3.4.2.1002/avr8-gnu-toolchain/bin/../lib/gcc/avr/4.7.2/avr5\libgcc.a(_exit.o)
 .data          0x00800060        0x0 c:/program files (x86)/atmel/atmel toolchain/avr8 gcc/native/3.4.2.1002/avr8-gnu-toolchain/bin/../lib/gcc/avr/4.7.2/avr5\libgcc.a(_copy_data.o)
 .data          0x00800060        0x0 c:/program files (x86)/atmel/atmel toolchain/avr8 gcc/native/3.4.2.1002/avr8-gnu-toolchain/bin/../lib/gcc/avr/4.7.2/avr5\libgcc.a(_clear_bss.o)
 .data          0x00800060        0x0 c:/program files (x86)/atmel/atmel toolchain/avr8 gcc/native/3.4.2.1002/avr8-gnu-toolchain/bin/../lib/gcc/avr/4.7.2/avr5\libgcc.a(_udivmodhi4.o)
 *(.data*)
 .data.Edge     0x00800060        0x1 main.o
                0x00800060                Edge
 .data.Eco_width
                0x00800061        0x1 main.o
                0x00800061                Eco_width
 .data.TIMER2_PRESCALER
                0x00800062        0x1 timers.o
 *(.rodata)
 *(.rodata*)
 *(.gnu.linkonce.d*)
                0x00800064                . = ALIGN (0x2)
 *fill*         0x00800063        0x1 
                0x00800064                _edata = .
                0x00800064                PROVIDE (__data_end, .)

.bss            0x00800064        0x5
                0x00800064                PROVIDE (__bss_start, .)
 *(.bss)
 *(.bss*)
 .bss.testing   0x00800064        0x4 main.o
                0x00800064                testing
 .bss.TIMER2_MODE
                0x00800068        0x1 timers.o
 *(COMMON)
                0x00800069                PROVIDE (__bss_end, .)
                0x000004f6                __data_load_start = LOADADDR (.data)
                0x000004fa                __data_load_end = (__data_load_start + SIZEOF (.data))

.noinit         0x00800069        0x0
                0x00800069                PROVIDE (__noinit_start, .)
 *(.noinit*)
                0x00800069                PROVIDE (__noinit_end, .)
                0x00800069                _end = .
                0x00800069                PROVIDE (__heap_start, .)

.eeprom         0x00810000        0x0
 *(.eeprom*)
                0x00810000                __eeprom_end = .

.fuse
 *(.fuse)
 *(.lfuse)
 *(.hfuse)
 *(.efuse)

.lock
 *(.lock*)

.signature
 *(.signature*)

.user_signatures
 *(.user_signatures*)

.stab           0x00000000      0x6cc
 *(.stab)
 .stab          0x00000000      0x6cc c:/program files (x86)/atmel/atmel toolchain/avr8 gcc/native/3.4.2.1002/avr8-gnu-toolchain/bin/../lib/gcc/avr/4.7.2/../../../../avr/lib/avr5/crtm32.o

.stabstr        0x00000000       0x97
 *(.stabstr)
 .stabstr       0x00000000       0x97 c:/program files (x86)/atmel/atmel toolchain/avr8 gcc/native/3.4.2.1002/avr8-gnu-toolchain/bin/../lib/gcc/avr/4.7.2/../../../../avr/lib/avr5/crtm32.o

.stab.excl
 *(.stab.excl)

.stab.exclstr
 *(.stab.exclstr)

.stab.index
 *(.stab.index)

.stab.indexstr
 *(.stab.indexstr)

.comment        0x00000000       0x2f
 *(.comment)
 .comment       0x00000000       0x2f dcMotor.o
                                 0x30 (size before relaxing)
 .comment       0x00000000       0x30 HwPWM.o
 .comment       0x00000000       0x30 LED.o
 .comment       0x00000000       0x30 gpio.o
 .comment       0x00000000       0x30 main.o
 .comment       0x00000000       0x30 pushButton.o
 .comment       0x00000000       0x30 sevenSeg.o
 .comment       0x00000000       0x30 softwareDelay.o
 .comment       0x00000000       0x30 SwICU.o
 .comment       0x00000000       0x30 timers.o

.debug
 *(.debug)

.line
 *(.line)

.debug_srcinfo
 *(.debug_srcinfo)

.debug_sfnames
 *(.debug_sfnames)

.debug_aranges  0x00000000      0x2f8
 *(.debug_aranges)
 .debug_aranges
                0x00000000       0x38 dcMotor.o
 .debug_aranges
                0x00000038       0x28 HwPWM.o
 .debug_aranges
                0x00000060       0x38 LED.o
 .debug_aranges
                0x00000098       0x58 gpio.o
 .debug_aranges
                0x000000f0       0x60 main.o
 .debug_aranges
                0x00000150       0x28 pushButton.o
 .debug_aranges
                0x00000178       0x38 sevenSeg.o
 .debug_aranges
                0x000001b0       0x28 softwareDelay.o
 .debug_aranges
                0x000001d8       0x40 SwICU.o
 .debug_aranges
                0x00000218       0xe0 timers.o

.debug_pubnames
 *(.debug_pubnames)

.debug_info     0x00000000     0x3232
 *(.debug_info)
 .debug_info    0x00000000      0x663 dcMotor.o
 .debug_info    0x00000663       0xca HwPWM.o
 .debug_info    0x0000072d      0x40c LED.o
 .debug_info    0x00000b39      0x24e gpio.o
 .debug_info    0x00000d87     0x1058 main.o
 .debug_info    0x00001ddf      0x2a5 pushButton.o
 .debug_info    0x00002084      0x32a sevenSeg.o
 .debug_info    0x000023ae      0x15d softwareDelay.o
 .debug_info    0x0000250b      0x32b SwICU.o
 .debug_info    0x00002836      0x9fc timers.o
 *(.gnu.linkonce.wi.*)

.debug_abbrev   0x00000000      0xa65
 *(.debug_abbrev)
 .debug_abbrev  0x00000000       0xe3 dcMotor.o
 .debug_abbrev  0x000000e3       0x78 HwPWM.o
 .debug_abbrev  0x0000015b       0xc9 LED.o
 .debug_abbrev  0x00000224       0xe7 gpio.o
 .debug_abbrev  0x0000030b      0x1b2 main.o
 .debug_abbrev  0x000004bd       0xe7 pushButton.o
 .debug_abbrev  0x000005a4       0xe3 sevenSeg.o
 .debug_abbrev  0x00000687       0xa0 softwareDelay.o
 .debug_abbrev  0x00000727      0x13f SwICU.o
 .debug_abbrev  0x00000866      0x1ff timers.o

.debug_line     0x00000000      0x9bb
 *(.debug_line)
 .debug_line    0x00000000       0xcf dcMotor.o
 .debug_line    0x000000cf       0x57 HwPWM.o
 .debug_line    0x00000126       0xac LED.o
 .debug_line    0x000001d2       0xfc gpio.o
 .debug_line    0x000002ce      0x218 main.o
 .debug_line    0x000004e6       0x9a pushButton.o
 .debug_line    0x00000580       0xa8 sevenSeg.o
 .debug_line    0x00000628       0x8a softwareDelay.o
 .debug_line    0x000006b2       0xb2 SwICU.o
 .debug_line    0x00000764      0x257 timers.o

.debug_frame    0x00000000      0x664
 *(.debug_frame)
 .debug_frame   0x00000000       0x64 dcMotor.o
 .debug_frame   0x00000064       0x34 HwPWM.o
 .debug_frame   0x00000098       0x54 LED.o
 .debug_frame   0x000000ec       0x94 gpio.o
 .debug_frame   0x00000180       0xec main.o
 .debug_frame   0x0000026c       0x3c pushButton.o
 .debug_frame   0x000002a8       0x68 sevenSeg.o
 .debug_frame   0x00000310       0x90 softwareDelay.o
 .debug_frame   0x000003a0       0x74 SwICU.o
 .debug_frame   0x00000414      0x250 timers.o

.debug_str      0x00000000      0xd73
 *(.debug_str)
 .debug_str     0x00000000      0x303 dcMotor.o
                                0x337 (size before relaxing)
 .debug_str     0x00000303       0x31 HwPWM.o
                                0x11b (size before relaxing)
 .debug_str     0x00000334       0x6d LED.o
                                0x191 (size before relaxing)
 .debug_str     0x000003a1       0x8d gpio.o
                                0x18d (size before relaxing)
 .debug_str     0x0000042e      0x41f main.o
                                0x766 (size before relaxing)
 .debug_str     0x0000084d       0x1f pushButton.o
                                0x1de (size before relaxing)
 .debug_str     0x0000086c       0x44 sevenSeg.o
                                0x1af (size before relaxing)
 .debug_str     0x000008b0       0x45 softwareDelay.o
                                0x12a (size before relaxing)
 .debug_str     0x000008f5       0x5e SwICU.o
                                0x33c (size before relaxing)
 .debug_str     0x00000953      0x420 timers.o
                                0x83f (size before relaxing)

.debug_loc      0x00000000     0x1482
 *(.debug_loc)
 .debug_loc     0x00000000      0x1e6 dcMotor.o
 .debug_loc     0x000001e6      0x1b0 LED.o
 .debug_loc     0x00000396      0x49f gpio.o
 .debug_loc     0x00000835      0x1fb main.o
 .debug_loc     0x00000a30       0xba pushButton.o
 .debug_loc     0x00000aea      0x149 sevenSeg.o
 .debug_loc     0x00000c33      0x228 softwareDelay.o
 .debug_loc     0x00000e5b       0x97 SwICU.o
 .debug_loc     0x00000ef2      0x590 timers.o

.debug_macinfo
 *(.debug_macinfo)

.debug_pubtypes
 *(.debug_pubtypes)

.debug_ranges   0x00000000      0x288
 *(.debug_ranges)
 .debug_ranges  0x00000000       0x28 dcMotor.o
 .debug_ranges  0x00000028       0x18 HwPWM.o
 .debug_ranges  0x00000040       0x28 LED.o
 .debug_ranges  0x00000068       0x48 gpio.o
 .debug_ranges  0x000000b0       0x68 main.o
 .debug_ranges  0x00000118       0x18 pushButton.o
 .debug_ranges  0x00000130       0x28 sevenSeg.o
 .debug_ranges  0x00000158       0x30 softwareDelay.o
 .debug_ranges  0x00000188       0x30 SwICU.o
 .debug_ranges  0x000001b8       0xd0 timers.o

.debug_macro
 *(.debug_macro)
OUTPUT(gpio.elf elf32-avr)
LOAD linker stubs
